---
namespace: Compile
expectation: Pass
outputs:
  - - compile:
        - initial_symbol_table: 674860f890826b537e64938487bd497d978746e7e75ab99f8d3fa2a7976ef9d9
          type_checked_symbol_table: 631676e7c0c6d9c0b3d1bc1aaf4d64c480acc6da3b554cfdb08e9c1abfb6c21f
          unrolled_symbol_table: 631676e7c0c6d9c0b3d1bc1aaf4d64c480acc6da3b554cfdb08e9c1abfb6c21f
          initial_ast: 5af291cee1598234a6dbc2d2e57253e795493ee900ca384b4737d32df27e2275
          unrolled_ast: 5af291cee1598234a6dbc2d2e57253e795493ee900ca384b4737d32df27e2275
          ssa_ast: 0b66886f95df7f84a1b58b3b78e80b7101a5eccb82f6048048a2e50e8723605d
          flattened_ast: 8ad71b1d813a93068312826625d541b70baac4ba709507c0cae87292ac9a371b
          destructured_ast: faeea0fbe56481bd8153d6c617a540429132235031acbe89454ecc7aa3e29e46
          inlined_ast: faeea0fbe56481bd8153d6c617a540429132235031acbe89454ecc7aa3e29e46
          dce_ast: 29ed2ce1d8ec68c8e121670344ddc01532e3b5b82b37fd285d7340fb21326cee
          bytecode: c865484cdaac4f81578a7a47f6a1772139a2f4b03d5a4602c7b62be71519846d
          errors: ""
          warnings: ""
