---
namespace: ParseExpression
expectation: Pass
outputs:
  - Unary:
      receiver:
        Identifier: "{\"id\":\"0\",\"name\":\"x\",\"span\":\"{\\\"lo\\\":1,\\\"hi\\\":2}\"}"
      op: Negate
      span:
        lo: 0
        hi: 2
      id: 1
  - Unary:
      receiver:
        Call:
          function:
            Identifier: "{\"id\":\"0\",\"name\":\"x\",\"span\":\"{\\\"lo\\\":1,\\\"hi\\\":2}\"}"
          arguments: []
          program: ~
          span:
            lo: 1
            hi: 4
          id: 1
      op: Negate
      span:
        lo: 0
        hi: 4
      id: 2
  - Unary:
      receiver:
        Unary:
          receiver:
            Identifier: "{\"id\":\"0\",\"name\":\"x\",\"span\":\"{\\\"lo\\\":2,\\\"hi\\\":3}\"}"
          op: Negate
          span:
            lo: 1
            hi: 3
          id: 1
      op: Negate
      span:
        lo: 0
        hi: 3
      id: 2
  - Unary:
      receiver:
        Unary:
          receiver:
            Identifier: "{\"id\":\"0\",\"name\":\"x\",\"span\":\"{\\\"lo\\\":2,\\\"hi\\\":3}\"}"
          op: Not
          span:
            lo: 1
            hi: 3
          id: 1
      op: Negate
      span:
        lo: 0
        hi: 3
      id: 2
  - Literal:
      Integer:
        - I8
        - "-5"
        - span:
            lo: 0
            hi: 4
        - 0
  - Literal:
      Integer:
        - I8
        - "-128"
        - span:
            lo: 0
            hi: 6
        - 0
  - Literal:
      Integer:
        - I8
        - "-128"
        - span:
            lo: 0
            hi: 7
        - 0
  - Unary:
      receiver:
        Identifier: "{\"id\":\"0\",\"name\":\"x\",\"span\":\"{\\\"lo\\\":0,\\\"hi\\\":1}\"}"
      op: Negate
      span:
        lo: 0
        hi: 7
      id: 2
  - Unary:
      receiver:
        Unary:
          receiver:
            Unary:
              receiver:
                Identifier: "{\"id\":\"0\",\"name\":\"x\",\"span\":\"{\\\"lo\\\":0,\\\"hi\\\":1}\"}"
              op: Negate
              span:
                lo: 0
                hi: 7
              id: 2
          op: Negate
          span:
            lo: 0
            hi: 13
          id: 4
      op: Negate
      span:
        lo: 0
        hi: 19
      id: 6
  - Unary:
      receiver:
        Unary:
          receiver:
            Identifier: "{\"id\":\"0\",\"name\":\"x\",\"span\":\"{\\\"lo\\\":1,\\\"hi\\\":2}\"}"
          op: Negate
          span:
            lo: 1
            hi: 8
          id: 2
      op: Negate
      span:
        lo: 0
        hi: 8
      id: 3
  - Unary:
      receiver:
        Unary:
          receiver:
            Identifier: "{\"id\":\"0\",\"name\":\"x\",\"span\":\"{\\\"lo\\\":2,\\\"hi\\\":3}\"}"
          op: Negate
          span:
            lo: 1
            hi: 3
          id: 1
      op: Negate
      span:
        lo: 1
        hi: 10
      id: 3
  - Unary:
      receiver:
        Unary:
          receiver:
            Identifier: "{\"id\":\"0\",\"name\":\"x\",\"span\":\"{\\\"lo\\\":2,\\\"hi\\\":3}\"}"
          op: Negate
          span:
            lo: 2
            hi: 9
          id: 2
      op: Negate
      span:
        lo: 0
        hi: 9
      id: 3
  - Unary:
      receiver:
        Unary:
          receiver:
            Unary:
              receiver:
                Identifier: "{\"id\":\"0\",\"name\":\"x\",\"span\":\"{\\\"lo\\\":2,\\\"hi\\\":3}\"}"
              op: Negate
              span:
                lo: 2
                hi: 9
              id: 2
          op: Negate
          span:
            lo: 1
            hi: 9
          id: 3
      op: Negate
      span:
        lo: 1
        hi: 16
      id: 5
  - Unary:
      receiver:
        Unary:
          receiver:
            Identifier: "{\"id\":\"0\",\"name\":\"x\",\"span\":\"{\\\"lo\\\":1,\\\"hi\\\":2}\"}"
          op: Negate
          span:
            lo: 1
            hi: 8
          id: 2
      op: Not
      span:
        lo: 0
        hi: 8
      id: 3
  - Unary:
      receiver:
        Unary:
          receiver:
            Identifier: "{\"id\":\"0\",\"name\":\"x\",\"span\":\"{\\\"lo\\\":2,\\\"hi\\\":3}\"}"
          op: Not
          span:
            lo: 1
            hi: 3
          id: 1
      op: Negate
      span:
        lo: 1
        hi: 10
      id: 3
  - Unary:
      receiver:
        Unary:
          receiver:
            Identifier: "{\"id\":\"0\",\"name\":\"x\",\"span\":\"{\\\"lo\\\":2,\\\"hi\\\":3}\"}"
          op: Negate
          span:
            lo: 2
            hi: 9
          id: 2
      op: Not
      span:
        lo: 0
        hi: 9
      id: 3
  - Unary:
      receiver:
        Unary:
          receiver:
            Unary:
              receiver:
                Identifier: "{\"id\":\"0\",\"name\":\"x\",\"span\":\"{\\\"lo\\\":2,\\\"hi\\\":3}\"}"
              op: Negate
              span:
                lo: 2
                hi: 9
              id: 2
          op: Not
          span:
            lo: 1
            hi: 9
          id: 3
      op: Negate
      span:
        lo: 1
        hi: 16
      id: 5
