---
namespace: Compile
expectation: Pass
outputs:
  - - compile:
        - initial_symbol_table: a32d8e2614c0c938f3045c99a5ae1a9435cd34da9c543bb2fd3b10e6128d9837
          type_checked_symbol_table: 8afab6b4e6604768c1db1398838c274386d1b3d4b526967bd16c3d2222866519
          unrolled_symbol_table: 8afab6b4e6604768c1db1398838c274386d1b3d4b526967bd16c3d2222866519
          initial_ast: 61fef7bc7d35be574e5f9353c089561c113afe14c755051cdfac56879b67b6f8
          unrolled_ast: 61fef7bc7d35be574e5f9353c089561c113afe14c755051cdfac56879b67b6f8
          ssa_ast: 5de3029f4a7bb61031f1852bcd6163cf8e40e10352746016f33aad682f810e5d
          flattened_ast: dd29a1fa78efcb5fa7e428276e9285105ffef017e43d8d4a3eee6a47d3604fab
          destructured_ast: 420edf1819b67e9e9e25822608379793a3aa7a9c85e858695c0349a6dbc34881
          inlined_ast: 420edf1819b67e9e9e25822608379793a3aa7a9c85e858695c0349a6dbc34881
          dce_ast: 3cd075a82acacaf50339ddc532e27e0504d7c337ae6468998c2d8e82f20bfe40
          bytecode: 1ee04c880a78442953925baa8e3c60e416d77c926da80774db6961188aaba65a
          errors: ""
          warnings: ""
