---
namespace: Compile
expectation: Pass
outputs:
  - - compile:
        - initial_symbol_table: 09015171da9cd92d49fd25eee135cae84b128f540bd8573d1f40ce47bbcb7db5
          type_checked_symbol_table: c5096dd6d8aabe6fe5380fa2cf7fb74232ba23e16bccce3b00fca030cb822923
          unrolled_symbol_table: c5096dd6d8aabe6fe5380fa2cf7fb74232ba23e16bccce3b00fca030cb822923
          initial_ast: e7c13c39a9619ea30d0eebce39238253b9f7d7c19c1bdf66328994543d6978ca
          unrolled_ast: e7c13c39a9619ea30d0eebce39238253b9f7d7c19c1bdf66328994543d6978ca
          ssa_ast: 82deb8939a61b6e880c8efbdd17e7cfeed9092d727184fd4b1822737aaf078a1
          flattened_ast: 365203cfba4cf356e3b4f6778e76a70a5e51832e0c785e1c48b26e82bfade52e
          destructured_ast: a42dccfacec7d7c6428d179a8fc18984291e64509870ae141fc5719182205f1e
          inlined_ast: a42dccfacec7d7c6428d179a8fc18984291e64509870ae141fc5719182205f1e
          dce_ast: 42a0c3e54575bd6832aea66eba13bd8a9c0a419f8860a8551e9f52117bac625b
          bytecode: 6c433e307d008c270d0de4f6a677aa5069fcf55a7613d777379bbab14c24be61
          errors: ""
          warnings: ""
