---
namespace: Compile
expectation: Pass
outputs:
  - - compile:
        - initial_symbol_table: f4fdd9d63c589d5b0d479ad742e172bdf396a2abbdc44f0875639ccd10fd24b0
          type_checked_symbol_table: 3da7188df5f78d7ea1554e7e6b665814a1b47defd1a928467f23ef06a2960ed7
          unrolled_symbol_table: 3da7188df5f78d7ea1554e7e6b665814a1b47defd1a928467f23ef06a2960ed7
          initial_ast: 3ca9478b8578b8767ece4f9b203dc6bd662f326a0bf19d8780b41a1cd1886da4
          unrolled_ast: 3ca9478b8578b8767ece4f9b203dc6bd662f326a0bf19d8780b41a1cd1886da4
          ssa_ast: 13759b3635fd78f577967b5f6086d19c2eca8d7f7f7e410a7ff62435f01d3275
          flattened_ast: a8bab5287b59f2843a752ba88c87705184e5b4680aa2de72f1bee71c18350955
          destructured_ast: 6a4309fa035a3c06b9cc08c6c1ce4aef89a4ae13389ce7aaeddf0982c779c93f
          inlined_ast: 44341ccc9165fc7a2b662c051e7723391b25077d13a07780e9d525917d20aebc
          dce_ast: 44341ccc9165fc7a2b662c051e7723391b25077d13a07780e9d525917d20aebc
          bytecode: cc273037c3ab51d0adc1aa2a98ba98703f5bc15c14cce5207e29b1f6e3d88ab7
          errors: ""
          warnings: ""
