---
namespace: Compile
expectation: Pass
outputs:
  - - compile:
        - initial_symbol_table: 37bc119985fc346d7ac604986beb19629f6016e99ae5be8f8282f5755bdd6e43
          type_checked_symbol_table: d46a714294f78dce6339bd6480e1ee888ec57ab92a28a4b2e949647161e49a73
          unrolled_symbol_table: d46a714294f78dce6339bd6480e1ee888ec57ab92a28a4b2e949647161e49a73
          initial_ast: bceb61ae75b47e92e83ce5e6836b22b68854858bb24207c476e77f6580b20c4b
          unrolled_ast: bceb61ae75b47e92e83ce5e6836b22b68854858bb24207c476e77f6580b20c4b
          ssa_ast: 695acd5239878bc6336d3628999bde308ea9e07b6cb45e61fd5586e72cd6faaa
          flattened_ast: 37846d6d3543daffe32472864fc5cf2e60a1a42c9d9fe2702fb592398690115e
          destructured_ast: 2f8491c2aa6fe9b5d4611c0bfe79989b29d915ad51abc7d1132956fbb7a0a925
          inlined_ast: 0852f9fe9edbab93d8abb5cdbc2a08284de67824c78513107c4edb3acbc163fc
          dce_ast: 0852f9fe9edbab93d8abb5cdbc2a08284de67824c78513107c4edb3acbc163fc
          bytecode: be43f1b20093160fdfc6c5f85fbbe6c3693a41505738d4d0db70b1fcf2243a4f
          errors: ""
          warnings: ""
