---
namespace: Compile
expectation: Fail
outputs:
  - "Error [ETYC0372043]: Cannot call a local transition function from a transition function.\n    --> compiler-test:13:16\n     |\n  13 |         return bax(n);\n     |                ^^^^^^\nError [ETYC0372043]: Cannot call a local transition function from a transition function.\n    --> compiler-test:17:16\n     |\n  17 |         return baz(n);\n     |                ^^^^^^\nError [ETYC0372042]: Only `inline` can be called from a `function` or `inline`.\n    --> compiler-test:5:16\n     |\n   5 |         return bar(n);\n     |                ^^^^^^\nError [ETYC0372042]: Only `inline` can be called from a `function` or `inline`.\n    --> compiler-test:9:16\n     |\n   9 |         return foo(n);\n     |                ^^^^^^\nError [ETYC0372059]: Cyclic dependency between functions: `baz` --> `bax` --> `baz`\n"
