---
namespace: ParseExpression
expectation: Pass
outputs:
  - Binary:
      left:
        Literal:
          Integer:
            - U8
            - "1"
            - span:
                lo: 0
                hi: 3
            - 0
      right:
        Literal:
          Integer:
            - U8
            - "1"
            - span:
                lo: 7
                hi: 10
            - 1
      op: Shl
      span:
        lo: 0
        hi: 10
      id: 2
  - Binary:
      left:
        Literal:
          Integer:
            - U8
            - "2"
            - span:
                lo: 0
                hi: 3
            - 0
      right:
        Literal:
          Integer:
            - U8
            - "3"
            - span:
                lo: 5
                hi: 8
            - 1
      op: Shl
      span:
        lo: 0
        hi: 8
      id: 2
  - Binary:
      left:
        Binary:
          left:
            Literal:
              Integer:
                - U8
                - "1"
                - span:
                    lo: 0
                    hi: 3
                - 0
          right:
            Literal:
              Integer:
                - U8
                - "2"
                - span:
                    lo: 7
                    hi: 10
                - 1
          op: Shl
          span:
            lo: 0
            hi: 10
          id: 2
      right:
        Literal:
          Integer:
            - U8
            - "3"
            - span:
                lo: 14
                hi: 17
            - 3
      op: Shl
      span:
        lo: 0
        hi: 17
      id: 4
  - Binary:
      left:
        Binary:
          left:
            Literal:
              Integer:
                - U8
                - "1"
                - span:
                    lo: 0
                    hi: 3
                - 0
          right:
            Literal:
              Integer:
                - U8
                - "2"
                - span:
                    lo: 6
                    hi: 9
                - 1
          op: Add
          span:
            lo: 0
            hi: 9
          id: 2
      right:
        Binary:
          left:
            Literal:
              Integer:
                - U8
                - "3"
                - span:
                    lo: 13
                    hi: 16
                - 3
          right:
            Literal:
              Integer:
                - U8
                - "4"
                - span:
                    lo: 19
                    hi: 22
                - 4
          op: Add
          span:
            lo: 13
            hi: 22
          id: 5
      op: Shl
      span:
        lo: 0
        hi: 22
      id: 6
  - Binary:
      left:
        Binary:
          left:
            Literal:
              Integer:
                - U8
                - "1"
                - span:
                    lo: 0
                    hi: 3
                - 0
          right:
            Literal:
              Integer:
                - U8
                - "2"
                - span:
                    lo: 7
                    hi: 10
                - 1
          op: Shl
          span:
            lo: 0
            hi: 10
          id: 2
      right:
        Literal:
          Integer:
            - U8
            - "3"
            - span:
                lo: 14
                hi: 17
            - 3
      op: Shl
      span:
        lo: 0
        hi: 17
      id: 4
  - Binary:
      left:
        Binary:
          left:
            Binary:
              left:
                Literal:
                  Integer:
                    - U8
                    - "1"
                    - span:
                        lo: 0
                        hi: 3
                    - 0
              right:
                Literal:
                  Integer:
                    - U8
                    - "2"
                    - span:
                        lo: 6
                        hi: 9
                    - 1
              op: Add
              span:
                lo: 0
                hi: 9
              id: 2
          right:
            Binary:
              left:
                Literal:
                  Integer:
                    - U8
                    - "3"
                    - span:
                        lo: 13
                        hi: 16
                    - 3
              right:
                Literal:
                  Integer:
                    - U8
                    - "4"
                    - span:
                        lo: 19
                        hi: 22
                    - 4
              op: Add
              span:
                lo: 13
                hi: 22
              id: 5
          op: Shl
          span:
            lo: 0
            hi: 22
          id: 6
      right:
        Binary:
          left:
            Literal:
              Integer:
                - U8
                - "5"
                - span:
                    lo: 26
                    hi: 29
                - 7
          right:
            Literal:
              Integer:
                - U8
                - "6"
                - span:
                    lo: 32
                    hi: 35
                - 8
          op: Add
          span:
            lo: 26
            hi: 35
          id: 9
      op: Shl
      span:
        lo: 0
        hi: 35
      id: 10
  - Unary:
      receiver:
        Unary:
          receiver:
            Binary:
              left:
                Identifier: "{\"id\":\"0\",\"name\":\"x\",\"span\":\"{\\\"lo\\\":2,\\\"hi\\\":3}\"}"
              right:
                Identifier: "{\"id\":\"2\",\"name\":\"y\",\"span\":\"{\\\"lo\\\":8,\\\"hi\\\":9}\"}"
              op: Shl
              span:
                lo: 2
                hi: 10
              id: 3
          op: Negate
          span:
            lo: 1
            hi: 10
          id: 4
      op: Not
      span:
        lo: 0
        hi: 10
      id: 5
  - Binary:
      left:
        Binary:
          left:
            Binary:
              left:
                Identifier: "{\"id\":\"0\",\"name\":\"x\",\"span\":\"{\\\"lo\\\":0,\\\"hi\\\":1}\"}"
              right:
                Identifier: "{\"id\":\"2\",\"name\":\"y\",\"span\":\"{\\\"lo\\\":6,\\\"hi\\\":7}\"}"
              op: Shl
              span:
                lo: 0
                hi: 8
              id: 3
          right:
            Identifier: "{\"id\":\"5\",\"name\":\"y\",\"span\":\"{\\\"lo\\\":13,\\\"hi\\\":14}\"}"
          op: Shl
          span:
            lo: 0
            hi: 15
          id: 6
      right:
        Identifier: "{\"id\":\"8\",\"name\":\"y\",\"span\":\"{\\\"lo\\\":20,\\\"hi\\\":21}\"}"
      op: Shl
      span:
        lo: 0
        hi: 22
      id: 9
  - Unary:
      receiver:
        Binary:
          left:
            Identifier: "{\"id\":\"0\",\"name\":\"x\",\"span\":\"{\\\"lo\\\":1,\\\"hi\\\":2}\"}"
          right:
            Identifier: "{\"id\":\"2\",\"name\":\"y\",\"span\":\"{\\\"lo\\\":7,\\\"hi\\\":8}\"}"
          op: Shl
          span:
            lo: 1
            hi: 9
          id: 3
      op: Negate
      span:
        lo: 0
        hi: 9
      id: 4
  - Binary:
      left:
        Unary:
          receiver:
            Identifier: "{\"id\":\"0\",\"name\":\"x\",\"span\":\"{\\\"lo\\\":2,\\\"hi\\\":3}\"}"
          op: Negate
          span:
            lo: 1
            hi: 3
          id: 1
      right:
        Identifier: "{\"id\":\"3\",\"name\":\"y\",\"span\":\"{\\\"lo\\\":9,\\\"hi\\\":10}\"}"
      op: Shl
      span:
        lo: 1
        hi: 11
      id: 4
  - Unary:
      receiver:
        Binary:
          left:
            Identifier: "{\"id\":\"0\",\"name\":\"x\",\"span\":\"{\\\"lo\\\":2,\\\"hi\\\":3}\"}"
          right:
            Identifier: "{\"id\":\"2\",\"name\":\"y\",\"span\":\"{\\\"lo\\\":8,\\\"hi\\\":9}\"}"
          op: Shl
          span:
            lo: 2
            hi: 10
          id: 3
      op: Negate
      span:
        lo: 0
        hi: 10
      id: 4
  - Binary:
      left:
        Unary:
          receiver:
            Binary:
              left:
                Identifier: "{\"id\":\"0\",\"name\":\"x\",\"span\":\"{\\\"lo\\\":2,\\\"hi\\\":3}\"}"
              right:
                Identifier: "{\"id\":\"2\",\"name\":\"y\",\"span\":\"{\\\"lo\\\":8,\\\"hi\\\":9}\"}"
              op: Shl
              span:
                lo: 2
                hi: 10
              id: 3
          op: Negate
          span:
            lo: 1
            hi: 10
          id: 4
      right:
        Identifier: "{\"id\":\"6\",\"name\":\"y\",\"span\":\"{\\\"lo\\\":16,\\\"hi\\\":17}\"}"
      op: Shl
      span:
        lo: 1
        hi: 18
      id: 7
  - Unary:
      receiver:
        Binary:
          left:
            Identifier: "{\"id\":\"0\",\"name\":\"x\",\"span\":\"{\\\"lo\\\":1,\\\"hi\\\":2}\"}"
          right:
            Identifier: "{\"id\":\"2\",\"name\":\"y\",\"span\":\"{\\\"lo\\\":7,\\\"hi\\\":8}\"}"
          op: Shl
          span:
            lo: 1
            hi: 9
          id: 3
      op: Not
      span:
        lo: 0
        hi: 9
      id: 4
  - Binary:
      left:
        Unary:
          receiver:
            Identifier: "{\"id\":\"0\",\"name\":\"x\",\"span\":\"{\\\"lo\\\":2,\\\"hi\\\":3}\"}"
          op: Not
          span:
            lo: 1
            hi: 3
          id: 1
      right:
        Identifier: "{\"id\":\"3\",\"name\":\"y\",\"span\":\"{\\\"lo\\\":9,\\\"hi\\\":10}\"}"
      op: Shl
      span:
        lo: 1
        hi: 11
      id: 4
  - Unary:
      receiver:
        Binary:
          left:
            Identifier: "{\"id\":\"0\",\"name\":\"x\",\"span\":\"{\\\"lo\\\":2,\\\"hi\\\":3}\"}"
          right:
            Identifier: "{\"id\":\"2\",\"name\":\"y\",\"span\":\"{\\\"lo\\\":8,\\\"hi\\\":9}\"}"
          op: Shl
          span:
            lo: 2
            hi: 10
          id: 3
      op: Not
      span:
        lo: 0
        hi: 10
      id: 4
  - Binary:
      left:
        Unary:
          receiver:
            Binary:
              left:
                Identifier: "{\"id\":\"0\",\"name\":\"x\",\"span\":\"{\\\"lo\\\":2,\\\"hi\\\":3}\"}"
              right:
                Identifier: "{\"id\":\"2\",\"name\":\"y\",\"span\":\"{\\\"lo\\\":8,\\\"hi\\\":9}\"}"
              op: Shl
              span:
                lo: 2
                hi: 10
              id: 3
          op: Not
          span:
            lo: 1
            hi: 10
          id: 4
      right:
        Identifier: "{\"id\":\"6\",\"name\":\"y\",\"span\":\"{\\\"lo\\\":16,\\\"hi\\\":17}\"}"
      op: Shl
      span:
        lo: 1
        hi: 18
      id: 7
  - Binary:
      left:
        Binary:
          left:
            Binary:
              left:
                Identifier: "{\"id\":\"0\",\"name\":\"x\",\"span\":\"{\\\"lo\\\":1,\\\"hi\\\":2}\"}"
              right:
                Identifier: "{\"id\":\"2\",\"name\":\"y\",\"span\":\"{\\\"lo\\\":7,\\\"hi\\\":8}\"}"
              op: Shl
              span:
                lo: 1
                hi: 9
              id: 3
          right:
            Binary:
              left:
                Identifier: "{\"id\":\"4\",\"name\":\"x\",\"span\":\"{\\\"lo\\\":13,\\\"hi\\\":14}\"}"
              right:
                Identifier: "{\"id\":\"6\",\"name\":\"y\",\"span\":\"{\\\"lo\\\":19,\\\"hi\\\":20}\"}"
              op: Shl
              span:
                lo: 13
                hi: 21
              id: 7
          op: Shl
          span:
            lo: 1
            hi: 21
          id: 8
      right:
        Binary:
          left:
            Binary:
              left:
                Identifier: "{\"id\":\"10\",\"name\":\"x\",\"span\":\"{\\\"lo\\\":27,\\\"hi\\\":28}\"}"
              right:
                Identifier: "{\"id\":\"12\",\"name\":\"y\",\"span\":\"{\\\"lo\\\":33,\\\"hi\\\":34}\"}"
              op: Shl
              span:
                lo: 27
                hi: 35
              id: 13
          right:
            Binary:
              left:
                Identifier: "{\"id\":\"14\",\"name\":\"x\",\"span\":\"{\\\"lo\\\":39,\\\"hi\\\":40}\"}"
              right:
                Identifier: "{\"id\":\"16\",\"name\":\"y\",\"span\":\"{\\\"lo\\\":45,\\\"hi\\\":46}\"}"
              op: Shl
              span:
                lo: 39
                hi: 47
              id: 17
          op: Shl
          span:
            lo: 27
            hi: 47
          id: 18
      op: Shl
      span:
        lo: 1
        hi: 48
      id: 19
