---
namespace: Parse
expectation: Fail
outputs:
  - "Error [EPAR0370005]: expected 'struct', 'record', 'mapping', '@', 'function', 'transition', 'inline' -- found 'circuit'\n    --> test:5:5\n     |\n   5 |     circuit Foo {\n     |     ^^^^^^^"
