---
namespace: Compile
expectation: Pass
outputs:
  - - compile:
        - initial_symbol_table: 09015171da9cd92d49fd25eee135cae84b128f540bd8573d1f40ce47bbcb7db5
          type_checked_symbol_table: c5096dd6d8aabe6fe5380fa2cf7fb74232ba23e16bccce3b00fca030cb822923
          unrolled_symbol_table: c5096dd6d8aabe6fe5380fa2cf7fb74232ba23e16bccce3b00fca030cb822923
          initial_ast: b25fb77b11b643939ed5c49d9139f0b98e96d93c0f41b826e84098e6f32fdacc
          unrolled_ast: b25fb77b11b643939ed5c49d9139f0b98e96d93c0f41b826e84098e6f32fdacc
          ssa_ast: feb8df3f031d4decc90b8829832727392a126a6c90abfad1fa669409d2f401e3
          flattened_ast: 14cf66577cc0b3311f383d839cd56eca91d4281360ecfd56d23e65e8c162db84
          destructured_ast: 5de4d1ec25088a606ebc07ee80750f90ffee00c4eaab2453c9b61cd4a8023c2d
          inlined_ast: 5de4d1ec25088a606ebc07ee80750f90ffee00c4eaab2453c9b61cd4a8023c2d
          dce_ast: 6bface0a7e45eeb927840757fb12fffb19bce9e27b13722ce5f093b3d37732dc
          bytecode: 9613835dc4e36f266d29110dd595208e54ebd4b8dcf371985a38796c15044f38
          errors: ""
          warnings: ""
