---
namespace: Compile
expectation: Fail
outputs:
  - "Error [ETYC0372003]: Expected type `()` but type `test_credits` was found\n    --> compiler-test:10:16\n     |\n  10 |         return test_credits {\n     |                ^^^^^^^^^^^^\n"
