---
namespace: Compile
expectation: Pass
outputs:
  - - compile:
        - initial_symbol_table: 9ed8ddc414de14aa10e3f0d862d9f101ce8a472451241caacc3b4a4c967c8223
          type_checked_symbol_table: 38fb35075c02084a5f99b0eaa67882db5023baa113a64083fdaacacee53113d2
          unrolled_symbol_table: 525ecb80847f768aed5ceca6d41ef082bea32cb88296e5fc70dfda9918c7dc03
          initial_ast: 86a0d996309dda9eb9d5d8d1dd58275a442e24a4296e7761207f85ebc97b1ba1
          unrolled_ast: 7cd8c0c472ab06fcbdf994754d6aa6007aca23c2427dccfb3fdb0173c4bc95d8
          ssa_ast: 9a7fef0e85d398f0d68b96db691007849eef4927d6f7f3873a7e8a581a927294
          flattened_ast: ef83a0d178bdfff007a940d544dbb17ad00e76bd8d149ed233e09b940c27c14d
          destructured_ast: 85a5dbafa3a8f1f6e40d99d921d01229d38fa3cbba24a1bb3a87da7f6a4c7eea
          inlined_ast: 85a5dbafa3a8f1f6e40d99d921d01229d38fa3cbba24a1bb3a87da7f6a4c7eea
          dce_ast: 85a5dbafa3a8f1f6e40d99d921d01229d38fa3cbba24a1bb3a87da7f6a4c7eea
          bytecode: 1425e7c87a38072c342ef9505090c0b039663ac1c5ce41632f999b376c81d348
          errors: ""
          warnings: ""
