---
namespace: Compile
expectation: Pass
outputs:
  - - compile:
        - initial_symbol_table: 4818ec559c9cd9da87295e749b1927cf043fd024b3a5056bd26ecdc47d87f0aa
          type_checked_symbol_table: 69e0a0350226cbac39a5fc3af8cdbae87f89a4f1aca4d8ae1d34471352d91855
          unrolled_symbol_table: 69e0a0350226cbac39a5fc3af8cdbae87f89a4f1aca4d8ae1d34471352d91855
          initial_ast: 98502a5edeced84c8178662883aec6fc047e82b721d77c2131c1e6647b9b78dd
          unrolled_ast: 98502a5edeced84c8178662883aec6fc047e82b721d77c2131c1e6647b9b78dd
          ssa_ast: 19d4101f85bbad70478c394d5fc17a4e6ab40d99520fbc5e1ac08c129c87280d
          flattened_ast: f009f0accb10699e76cd020283f8dfa4960af79ab6068e54e4489da00af92dfb
          destructured_ast: 68ba4a9441ff5bab7144132ec9f37e5040232a5f48912e718a7cf973ae4ef60c
          inlined_ast: 68ba4a9441ff5bab7144132ec9f37e5040232a5f48912e718a7cf973ae4ef60c
          dce_ast: 68ba4a9441ff5bab7144132ec9f37e5040232a5f48912e718a7cf973ae4ef60c
          bytecode: f88e8b16ebc2a407989f9f316ad6a9edfec6f134c7a0d9b25cea571df8161900
          errors: ""
          warnings: ""
