---
namespace: Compile
expectation: Pass
outputs:
  - - compile:
        - initial_symbol_table: 0802bf46b8d0e4c40fe3b491794e7413e9ff66a0b0d2abf321830355e4b0ef19
          type_checked_symbol_table: 8769ae66a9044fadb82d48f0eef2cd504d76d8b84814d98170aba60986038620
          unrolled_symbol_table: 8769ae66a9044fadb82d48f0eef2cd504d76d8b84814d98170aba60986038620
          initial_ast: 6ceceed851228bf86da79802c53352de3c6e5daddcbffd55bb796362fea8fca6
          unrolled_ast: 6ceceed851228bf86da79802c53352de3c6e5daddcbffd55bb796362fea8fca6
          ssa_ast: cded77e1331ebd0d5724d69b7182547013040e39761baa885ba5f46d82598078
          flattened_ast: ec71465f20d9b248f94bae954b65f4e8753e6e8612828a12538338a33e6feefd
          destructured_ast: 7098d17a4e2e2c749e870b15eab94244fda940cc77dd5c29bf4991d82ded40c1
          inlined_ast: 7098d17a4e2e2c749e870b15eab94244fda940cc77dd5c29bf4991d82ded40c1
          dce_ast: 7098d17a4e2e2c749e870b15eab94244fda940cc77dd5c29bf4991d82ded40c1
          bytecode: 009e138c1ef58588c8c34fdd4b56c5cd984a2f4664d71a3ce1f5811350d5cc1f
          errors: ""
          warnings: ""
