---
namespace: ParseStatement
expectation: Pass
outputs:
  - Assert:
      variant:
        AssertEq:
          - Identifier: "{\"id\":\"0\",\"name\":\"x\",\"span\":\"{\\\"lo\\\":10,\\\"hi\\\":11}\"}"
          - Identifier: "{\"id\":\"1\",\"name\":\"y\",\"span\":\"{\\\"lo\\\":13,\\\"hi\\\":14}\"}"
      span:
        lo: 0
        hi: 9
      id: 2
  - Assert:
      variant:
        AssertEq:
          - Struct:
              name: "{\"id\":\"0\",\"name\":\"Foo\",\"span\":\"{\\\"lo\\\":10,\\\"hi\\\":13}\"}"
              members:
                - identifier: "{\"id\":\"1\",\"name\":\"x\",\"span\":\"{\\\"lo\\\":16,\\\"hi\\\":17}\"}"
                  expression:
                    Identifier: "{\"id\":\"2\",\"name\":\"x\",\"span\":\"{\\\"lo\\\":19,\\\"hi\\\":20}\"}"
                  span:
                    lo: 16
                    hi: 20
                  id: 3
              span:
                lo: 10
                hi: 22
              id: 4
          - Struct:
              name: "{\"id\":\"5\",\"name\":\"Foo\",\"span\":\"{\\\"lo\\\":24,\\\"hi\\\":27}\"}"
              members:
                - identifier: "{\"id\":\"6\",\"name\":\"x\",\"span\":\"{\\\"lo\\\":30,\\\"hi\\\":31}\"}"
                  expression:
                    Identifier: "{\"id\":\"7\",\"name\":\"y\",\"span\":\"{\\\"lo\\\":33,\\\"hi\\\":34}\"}"
                  span:
                    lo: 30
                    hi: 34
                  id: 8
              span:
                lo: 24
                hi: 36
              id: 9
      span:
        lo: 0
        hi: 9
      id: 10
  - Assert:
      variant:
        AssertNeq:
          - Identifier: "{\"id\":\"0\",\"name\":\"x\",\"span\":\"{\\\"lo\\\":11,\\\"hi\\\":12}\"}"
          - Identifier: "{\"id\":\"1\",\"name\":\"y\",\"span\":\"{\\\"lo\\\":14,\\\"hi\\\":15}\"}"
      span:
        lo: 0
        hi: 10
      id: 2
  - Assert:
      variant:
        Assert:
          Literal:
            Boolean:
              - false
              - span:
                  lo: 7
                  hi: 12
              - 0
      span:
        lo: 0
        hi: 6
      id: 1
