---
namespace: Execute
expectation: Pass
outputs:
  - - compile:
        - initial_symbol_table: 10998586280d1ca360372389b512bc2af12c88a4bcfd4f7e2c99756ddf1b04e8
          type_checked_symbol_table: 2f5f1d4b4e58e58f307e1b920c43c5289eefe1a677246067a85c1b0b6a04a767
          unrolled_symbol_table: 2f5f1d4b4e58e58f307e1b920c43c5289eefe1a677246067a85c1b0b6a04a767
          initial_ast: 2046f4b2df6c90aed76613afc85d1784a8e293bd203efedd32bb416715982d63
          unrolled_ast: 2046f4b2df6c90aed76613afc85d1784a8e293bd203efedd32bb416715982d63
          ssa_ast: a90f345a4a71399b2e61dddfa5c5ec22826bba09fb1828cbb68708b84f17c472
          flattened_ast: 537d17595b4dea625a8e46cf3b28307963ba74f75bff3b028d8162463c5fc280
          destructured_ast: 2994c3f5f24c6b2b6e7d9804511b5c90fff8f3f2f048ef0ddbe7a9809aef219b
          inlined_ast: 1e50eaf77ff3f385d9355f5df95656230dcf2517cca5ba414c804083e867dcd6
          dce_ast: 1e50eaf77ff3f385d9355f5df95656230dcf2517cca5ba414c804083e867dcd6
          bytecode: c5fbc61b3a7b1400dda65dc947a495d14f1b43986550cd889efd4cc653912355
          errors: ""
          warnings: ""
      execute:
        - execution:
            transitions:
              - id: au13xk83ef4ctrstkqqa4t6g3nz6yjrd7jdnp85d75az692zkez3yys3zye32
                program: metadata.aleo
                function: is_block_height
                inputs:
                  - type: private
                    id: 6253489646811633995161378988523131598070351699872472207307112818483151642418field
                    value: ciphertext1qyq86cx2hp8lp6j907755z0znvepa0q8r9ng9tz0t5ehvvhyyasnkzgdx0fur
                outputs:
                  - type: future
                    id: 5519600127217844499719740850880987609939679858611463744679166065998652679424field
                    value: "{\n  program_id: metadata.aleo,\n  function_name: is_block_height,\n  arguments: [\n    2u32\n  ]\n}"
                tpk: 4174266389141840694112770464623549736508472115786023137592436699114609405528group
                tcm: 8338099097402671626408038034858578087638496090147697571937791628404909729345field
                scm: 1980270338266624580494901677581519840423416572710948745278059423752506827747field
            global_state_root: sr1qqqqqqqqqqqqqqqqqqqqqqqqqqqqqqqqqqqqqqqqqqqqqqqqqqqq6gk0xu
            proof: proof1qyqsqqqqqqqqqqqpqqqqqqqqqqqwvcare2n25rt8gssf37ln6t52fflysy0nzt28z97ftu74yadqz8u886c0u66t4jyf9hdulk4xxzspqylhezq3dmrqm3cm4tawnuznt5gc2fv8psgvswzavf79my3t8ahzhj9x5epa9k6s9vznyh8mp4qsnqd58klx5h39pwg302sj2p80zzchpwszn9m09aputls9msua03ed5pteadnjtujyeyknrgumpjpvyqqnytedzjjh5agcp6agyfs4aherggdhtf5j6pkl7lawyae6tq0vhw7pcdnfw8x6cusn9g8xeh8flnvqv9dr8dtu2lrmzyuraj3amxhx90xpdg3um4vd3pmst2uds0g0nrmsct6j3qcgm5rntst8ls26eudcqmfnazuq759td9q8v8e2gzg5th29zxnwpyfzp9ffj7wlgyrfm2amu9mcstcg473duz4hm98mn9gysz8jeh032xqhhrlxjzj7easjfhv98c4sdq57kzhefkpca7q8umvverl4wv2fp432rf0z6a72cpln8qp467twnnqekwz4gqer2g2kwagcffn94l8qym50frr6wm3e5s7qcqljzq3ynqxnav9gtnhnp45dwwq98aj2nvmxeve803ysur93sa9hzm499xztdnmct35xywynz3ys6527pznvf92uzf36n2ac5pxcpvuq3zk2t5fygtnzj3hfxljr48p9ma9akynqf2gpyk320xhaalg7xup7l8ddp7chvn8r6nyqzwmfpa2gtptlsjsklwcfvhsrq5xs2yhxwpetcckhw6w447l7ta6g83mx298ajdyf0yjad3k28d2rndgy3ku4pjhr2xuj5mqq6fj69pk0ev2tprkyyf2xvys3aax28l6t45599dtsp8sfnfcve2yhh47wjrqdak7y32xyupthlw9xg0027cvszw8mldcqwmp7rsys9kqvvjfdh94qh7juys8u7ggg300zl5dw5z4l344lgqqncnalwua9gcxwlp8528xn53glkew493nst2tzd9u8x84zrxv36zf4qw7tnql7lghlzusz7n9d9d8d7ussxtksclwzl3srs0gk3m88qs085maawqkwe0v6snxuce60qjfcurcqhlx9gmarypfue4nf5axs44klysw8ajavdwqwnua96uyhy5lje5l52e4fzty967v6y5yjyhsgqvqqqqqqqqqqpecl9d4s2e0myqh456pq2qpsm74z0quvt9c0jule5jcuys5cz05649xsyumt8xxudum00qrndkqysyqy3s648thxjptlckzpfqa93y5f94440529gv2h3yhr90cm5z5d2ks4nnnmr9qsemnnkza5usht0mqqq8209mc9ptld0y4unnwlrdaf4ntq0kg3hn77m37l40p050k9g6g39p0ew6per0nmeskww0ccxzuwq2htv9f3tnk38fy438s3rkwswdjl4w5z8vq84uq3q47lug7syj26qqqqx455z0
          verified: true
          status: accepted
          errors: ""
          warnings: ""
        - execution:
            transitions:
              - id: au1cwgzklxutudgmmx69lspqpdu456xkjx0uyc7qvn5qdfpdrcn2v8q0rkr23
                program: metadata.aleo
                function: is_block_height
                inputs:
                  - type: private
                    id: 6183595656007028002220811602364847040869450694211542768806364758201329924729field
                    value: ciphertext1qyqdtyru985c7ehdkr5cj77l8hptu30g9754939nmslk72atp8ppgpgrmn4wc
                outputs:
                  - type: future
                    id: 6022166329535112038474188202605386964588032083142479599780939755534262533839field
                    value: "{\n  program_id: metadata.aleo,\n  function_name: is_block_height,\n  arguments: [\n    3u32\n  ]\n}"
                tpk: 6826075503536703408877015806866676888464978285285642759889480649615825407885group
                tcm: 2184261592989300536746165496548115475812152687244578178115561569274734999038field
                scm: 407281751932047584685189018244827210538163428192377398266270897182443379767field
            global_state_root: sr1qqqqqqqqqqqqqqqqqqqqqqqqqqqqqqqqqqqqqqqqqqqqqqqqqqqq6gk0xu
            proof: proof1qyqsqqqqqqqqqqqpqqqqqqqqqqq03ca3nx455n8394p0l0esv3jgylj3x6pygwzqcpqehzqulng6jah697y55s9tsfgxgmsgy7f7kccpq9na6qs3klshmquwdhuja5z67tvxswtmytsceyqtsd3vqk227suywajtjjef694w8c6df4my4mjjqqr3l5ypr5q0jv78u25mzvw03sjecgwdq7k6jt4aatana2ey550ajpmkx9yg4nkdc4u2k6z5weu03wqcgrwpczzah3cxpq5p5qs4yn5498vayncz0v5gg6aws47q8m67734uv9s0vafyns9sfz6scmy5pduqq37rk8r90xaan5nu2vx2pkrxfvtqshdtylndjthknuyqg6c9qjpxuuypp8grppr3p8dtu7nr59cgpadmjlky2p9wsktx8n3wuuvvw3khcks92l7z9rsr3zk3aakmwqk7khw3g9zh2wy5djqflrs38j5zqxgu3sx2kug2aft5mqdv0v6hvy36w64srmz60xg9l9024kc3jak84n8f2x2y4v2myr382c36xdpc0qwzhqkduydpctpfjwzms6fnnnqqvzkraaecwk897tn0w3qtjmnkuap0rdss7t2rxus4n9nr5n7gqyqlct8whulsvulqutqne4k0sddqvpxpxlkkertsv2ah02l5vmh24c7r5jt42rrlxj2t9he288xyp8uqu2d2cata2rwk5kn9udwre6n044t63lhduj062ktvpermrpfdkcrgl0e2r3a9wfktgv6ccg2d7nmgycead62ns2y232tj3snv56agszwmhsughjs2s5z6n044lntrxes9v7qde44ntawzmyewmh0avyyuq5kklknewx2ye7lrr0cz20aa6gjj0rjwur7dxdfph6lefpq3jpyqlgnd3ukkh0x74hx4888q55uqp77ucle7wv5q2z77df9aut85lfs9euw09yj2alj4x7xtvtplz4h4qp4j07fhv47hcf8yzkgx0sld8u9gpye37e2g8h7c7pw49yrd7xvgwq85e7tzgamjwqqvyaz9qkvmzyr9fy5tzlydeynw5dj8xmqyuy829afagq5ul6desdm95ythdac9qp9yq6yz94ndysvgl7wjfevnf8lzcvrnru6ulm8ftsx764anl39qgza7a9y6rp0lurqfyeyd4r2n9m2vw09e97y23t3eja4hwdf8wqgdqvqqqqqqqqqqqh0c0e2g4c5lc5cy9fd7r0tez8pk9xmjn96ee57me5kf8tawhgjc2dpnqj6z474mw8rnjur5veczqqqdasd72eft70ac2l8zl5auacx5z49pues6kutcqjgf5hqv9wm48jhrwv6tn05z325faqq980x3lfqpq9zwukx4t4w0tt49js8ah9w8ptmahn8xcj879ssp7cqfn2jhk3fsvvakj3v6f48fkjmnf0gjehqtlalt2hzg7xpdwr3j8djn9gxhheca86r75pg28gvgakw5xdraznw2qqqq7awagj
          verified: true
          status: accepted
          errors: ""
          warnings: ""
        - execution:
            transitions:
              - id: au1kqz5zmazpyeehrs0sxjl2juusfltrz9dcqtd2g09xl6pc0anyq9sr5x5et
                program: metadata.aleo
                function: is_block_height
                inputs:
                  - type: private
                    id: 4755815863411127657293444919122234218236171196270038195044962867751270190726field
                    value: ciphertext1qyq9m2fk926tr7yfwchxj8udngprdux5njhh4xdc8m6d6k3jx9t8vqg4dhvxe
                outputs:
                  - type: future
                    id: 7746330439192431384327001965798011865331673022860735936230736842324915218050field
                    value: "{\n  program_id: metadata.aleo,\n  function_name: is_block_height,\n  arguments: [\n    4u32\n  ]\n}"
                tpk: 5961719084867262658611365638360766420582791439974047595680459060088949753734group
                tcm: 6626624319880809262391967868024871859050942736550513386256577389697770634318field
                scm: 1709184858721614245415770013947709782814544370016004415745981136924726103130field
            global_state_root: sr1qqqqqqqqqqqqqqqqqqqqqqqqqqqqqqqqqqqqqqqqqqqqqqqqqqqq6gk0xu
            proof: proof1qyqsqqqqqqqqqqqpqqqqqqqqqqqxuud457examvv93mamk6snvk0hg4rx00zmqvhr6m3yp50gwweu77z756hcexxptqp2mcjmq3kw0ypq880k0f7kg9mhl9f3nqerjwsv28v57anx2qcvxqsndd0wuhldwwh5cj0cj2rm24vk40u5le0gkz8qqzr98ydxeywn9uhss6at5dkc446a5qwfwwv6eu02sukfr0fsvfnl4d5r6u58szn8p88ud3e30cuzvqq67ya2sxeadmsfznvprz938jq8yqel4we20kvcta5p9khxc0zmzga4vdy8mr9d6azwqph2ppujesqwakdq9ueh5dtanf6awm3rafv2p0ud45kxf5na9pq8xh40hs6978ns57x7hh9yq3q8d03y5p4j42qqqrt5r0e6xy2rm454r4hxgca86d2an80anws9lhhm4vdazus2fhe4we8a7tfskvzhgl0r4v4qmsysrzrw8m9y4txgl3933zfrqm9v8437nxcx8yh078td2wjne2sktmxgz453cl5e5q0tx3c6gafjx0gqqzy8r6m5uj2kuqry82k8j8lklqfyymtghzwusu83sumxae6wjugkgv90395ag6kygyyv6a7k3l0p6qtawd6axuq9vkhtw6x54tkupmhtcv328at9pezdnxzydsakh5na6yt4p2hfepx9c2f3vrvx66ynp5pljf4stueh2tu7q447g9src8lcfcv6cnu3x89skt6vg2cdtkrmsqnwrve6c9kg4uaekhy4kjt02vxt7hdk0f7lvdcz2ltvk3mj08w5qtwa2xgn87mgvurfqlg6r6vgcz98euxxy7245escsrl6x0fxclmqh5vaa6yrr5px5decflctvmxns3dsf629pm05ejwmr3mdezu95ms44rv9tsa58zk4xmyuqccnrafz5qvfl0shyekpr4sqc5a6376xcss2pqhs3lpmkjrv4wnwkke64hn3xuelj2aap6x6vs35sw49tkcwv8m60p8gjczlz2r73nlct4cyrjcy205wra2xmt47vxe2ewftnveyrt8c7qe5a8ys47w93pl443elvf6jc9temrdve9uxzwgspmmqxv6pmx4vfgkh74zkryq2tf5zpn93ypk97jn0h607wg733fnqhshhj43qtvdj3f0asyuxdtp40k7p97hl0qs75uq4mlleaz4e06fulypcrsqqvqqqqqqqqqqpszdqnlw4k2xgmvc5ev7y6ldsjhmkddcnvlz83e27wmt9qd6ccpk84na3d4j58ewfk743lp6xvs3qqqd9djg6t5qqv46dd0tvfpxf2dcqt0hexpdqumyhymrjgncuvknnzn06h469ejquhwdc2s2u622jgqqqxur3r5g98c93zdumjpwnvsygv7a0la8z48d88fjlaydf5fjk03sjg2dem52mprag30zcyrzwydmt0ve8q2ppkv5n8p44mysg9t7py5a43j3e9jamsd8f2ekzkv0z83csqqq0eekcr
          verified: true
          status: accepted
          errors: ""
          warnings: ""
        - execution:
            transitions:
              - id: au105d5gs42wsjyuan776cszj557j9ka3fp0m05t25dhj8pamluxc8srhs5tw
                program: metadata.aleo
                function: is_block_height
                inputs:
                  - type: private
                    id: 2341809482664293114167189344745102407617021393080131583699065912353538622872field
                    value: ciphertext1qyqwn5tam8hqskrcwtf929n02hlmtk2vh2h59nc9g56hruct4q3wcrsd76dec
                outputs:
                  - type: future
                    id: 8142911847045667364680761997818403076710179957136137930156501129511227940568field
                    value: "{\n  program_id: metadata.aleo,\n  function_name: is_block_height,\n  arguments: [\n    0u32\n  ]\n}"
                tpk: 1444729407522809558323470265213923228766243452572825861150604562994526846724group
                tcm: 6605683873534110561518205917497290187071187934421726209194585939237041100572field
                scm: 6386290422692476953856701959340582555742652888613812253698770682334976467968field
            global_state_root: sr1qqqqqqqqqqqqqqqqqqqqqqqqqqqqqqqqqqqqqqqqqqqqqqqqqqqq6gk0xu
            proof: proof1qyqsqqqqqqqqqqqpqqqqqqqqqqqgfafuatpup7w3csqtureqax0xugq2acw2m68svxc6ru5auxlzu7s4pj7d5cjdsx8nzd88gtfxvugqq8vawxkgvfuqnppmz6zjmjfjjtyvlqjl3uks5x3fprdmc8vzy6ueea4ndqkxv22fq5p9flh590zvvqz7ae38rrxah37gk588yrcwuvq8e5fvsc2s9pnkqpqjgk98qpj5suaxqmnfag7dqj2jj2w3y9rrpcq09ccfun7zp0enl3gj0w52dzkcyzllgahaamzq80tdlvkwgn2rwwzccwgd72tckaygz5ea99yyzdqqpueh9utcy6ehzaess4wruejqk8v26k8g37e8vacns4azc7ds880y77f84kulf6auhzvranypzs2cqkpaymq2mfax09dgl2x8px4flaydmff049xp79g5m4v45dwjasr2jzar3rd9vwm3tm4x9zwrv5rvq9gxakywz6tzhrnv6k6x39wkeg50fhz5fuc3mk7d89dpayzcf9239g5ed6dfsl0v6j23p3s8kssjkqfkr5fzdmgdzm3u3hqzgj63cph2j3sxyg47s3054ffc5s6p8ex8dqtks2dkpfwycmm0pseavwz7j5qz0rven0lsjvjl45tlgp8rx6q37pr7hmtuq4ty90x83dfzmx5x8zhkcrctr4wpku8sgk8ac2r6z2qpjx87cygk88hqnj2dscfr94gp6t0v5nzre5yhx8wkv8x9wrf8zs958pvewnyd5wk5tmhzvnjwx5y6vggkmwnvpwjy6g90ecx5rdqesr70yp0hhm9sx9kglflzycq567lhh94r93w0q6z70kmuyrd42el5qyta99kq2rwuech5u888y58yyf2j6zc6hs50ttztxuw7w2z0dl7sksl9gt783lc5pjh8kf6k36w4z2pzrygtw8ts32ur7lxx9l8xwksjl99sjg0zt4wf0xplzzpmzrrgups2uz5p900qplfhp2a8su68us9h4fh5kj648r293z8u376scltx8h5q4ze4lelen3cp7q0t9dhc7zlvs0k9k2t0k8zrnqapylt6lc788uv59vk6sd4t5tsmjtj84zhdpw42lg304580c92muxnq98q64vhvdptvhsye9q8vud545w7erjtqeqgjqepa0nsfyrn44unypy3yk0wfzdygqdald59vgs9pkfleytc8qvqqqqqqqqqqqg2xsz47y4gc4wd5vm5jf4txz6zyx4cfcrc8c00zeyl5mkr7up2jrm3t620gcx5mrqp4cgad3p69sqqxpv8dqklj2wq5exf932qg8vjp4ntw0n5qkgnujs9kc5mezca50sx0au5fca5d8upkcuk0lmxh2rspqxvy79npw0st0g44x5gtv7pvc43zp06d4zwaqs0zpd093murwaxs6lgq6r6r43u7ejh3u3tv46hsmyy5mpyhthv62duzvuhym3pl3k9qmfp0vn3zxpr6jx3xmg6f942mqqqq8nhj79
          verified: true
          status: rejected
          errors: ""
          warnings: ""
        - execution:
            transitions:
              - id: au1s7l9amvsy5e8sp8u7teqfr7kuvtuvp77eszjvg3c5wc2wavfaugqqkkeed
                program: metadata.aleo
                function: is_network_id
                inputs:
                  - type: private
                    id: 6409163491170884333239490348780280756271868254185096435642035301080927627791field
                    value: ciphertext1qyqf9na7pz733tz5n7v07tpwxn0mprgwwv95te76sjzjd5fuqxwe7zsx2wrkg
                outputs:
                  - type: future
                    id: 2534942993704376911337039562957616854919565684239577888411012610043654475740field
                    value: "{\n  program_id: metadata.aleo,\n  function_name: is_network_id,\n  arguments: [\n    0u16\n  ]\n}"
                tpk: 1340232995313789889707870100633828614952994697713322419253213356280424596637group
                tcm: 8217955983468310915175130532526952797051163869431616512626964240444177287740field
                scm: 5286852775688099827771180960665525889691546224120923411174520720536024854359field
            global_state_root: sr1qqqqqqqqqqqqqqqqqqqqqqqqqqqqqqqqqqqqqqqqqqqqqqqqqqqq6gk0xu
            proof: proof1qyqsqqqqqqqqqqqpqqqqqqqqqqqqjce4jy0jcpqa50tug5dyh8neuljpr87h0wm9ddr5s3676qkx32002n2v57t9tgmu4exepzcp5ygqqyxwv9q32sm0hdewcfr5qvdfawq7cdld64haa8k4mh4nhl3wv99g9jrnar265pw0zvmza2sj4dzedqrjtj9xz72zjeupdgy8ge29nve07r676huhsd0dndqy5l6zeag38xxm48cu2zlmdu23ysk23ygzj2q2p4s8egtxwm3lfnsu2v6plrpzx5shdn4t4vqmds8k5mmurea6wgyjv20js73jamtjx076gr0fx0uqey2j3lda9ms8hm36zgvngclln72tvj0e7982q3vrj57mpcw2ut3t6sytgg0r6wvlhzznz4rh702spguzc049ukwxskusg6m0am6cm7w43xtqv7x2vgqs60952ajfaqwzs6ke3furpj9tsqwwup69c2hesqx4dk9t7pvht2hjth9pfztvj947qzlpdewy6thkhplsp9ym6xd2dh5ecvcgefxcxp4qaewsclh65qvtxgrqyzts2j2tt88uzhkzqncy03wy7vmey53aq5x94paa2w8xfunq0tuyfae97nfzh5z9d5cu9gq2tqns8hgctwxrql3e4573kwz4zy239pr8lez76en3qxvz3xjpx2wp8zvwf920chhpfen23x6dzaqqlrnderq6cvnjvp4yhluu69e72l0e4p32gy0egtysfe4cg0nths95ar6hlagcwkllwcxu93tffgjm22zp0f5t3frp759yya2ztya9gz3we0wym73985h3nkkcdzhk4h4pa8g4ldzjwey2tjcps5yl0f0jqaqav8x6gcgtl0s55caa32rg7vypk0hlzls9y68ryu2zwlcvpd8ppxsfe3k40lz425fu9vwcgpjc8vyfzu4gqlyfjykmupc03la5tksphv6mkn66ftatey5q62u0mnzapvtu3jdl7zhcx82yzll3h8p34sgl6lf22r4arpfz2s8q04euzpq9qcxsvtl2vvlcmaugttydn24uqzahgwgf9uyc5ynqkgvz9t3xp5p43v24mpu2zndmd27wgakt668lpa6anx5lzhefkekra4afsr2evrzupgxgjhrva0z6w9mjextk0a7q92m05h7f5n6hms2u4yuwzdp9xfc0q5sqkvrnm2xryqnma7qj2hq9qvqqqqqqqqqqpjqf8zfx2tc7fqk69dtdrd8rgasm7hkqvkz4g3zdtnu8jvreskfp3h8kjhqs4edjpfsqhvvux2ayqyq07tqaf2axxf5nd2hnpcghfapnrd6h2f4p2y6pqzdmhmc75cqnlu64d4n822mu0rrpvl3683dehs5qq95v7pj3fmkm63zkgpyhy5x0vegghnnxdkrpsq5p2fhn8ygj0z7q22pcdga62dkt3g4ksyxa569hlcw33k2qp6au2g873vjdzzy9zkt56xw845veat6qflhrev29jmq0qyqq9fk0md
          verified: true
          status: rejected
          errors: ""
          warnings: ""
        - execution:
            transitions:
              - id: au1ndhr0tta5y275c2klz9hfyja27lx2xcm8w4jqt70vd0suvm8f5qqh77qpf
                program: metadata.aleo
                function: is_network_id
                inputs:
                  - type: private
                    id: 3072458712510141887491939206812573991804800605606869662448507715750791501695field
                    value: ciphertext1qyqprhuw26afasy2whgd7cu0q4kuznu53juy96s4krwgsqujsuyt5rsrh9t9l
                outputs:
                  - type: future
                    id: 5249557517060258315126239455968600516201682377479242162082244771404684200143field
                    value: "{\n  program_id: metadata.aleo,\n  function_name: is_network_id,\n  arguments: [\n    1u16\n  ]\n}"
                tpk: 1241422812750809040633541710935659167182171861372164882434451533657783900235group
                tcm: 5101387774266692927046996997659568586960496233365914098412457384845133261795field
                scm: 2058887597321544003446839824871525583138282285522439768552503536778673854175field
            global_state_root: sr1qqqqqqqqqqqqqqqqqqqqqqqqqqqqqqqqqqqqqqqqqqqqqqqqqqqq6gk0xu
            proof: proof1qyqsqqqqqqqqqqqpqqqqqqqqqqqy38jrzq5vz267stfjsl2wv9ta78xpsyhwtcn006m83v0nudlryep5r8jqztftddqusmaexqmfxeupq9wlv87swn8kyk4durjwzdxlmtuj8tdu5nvmvxm26ddv6f3v77dqxhkqma5pa2z993zl5k4m4mlgaqfdudupfzqryleqsq8nndtd52yhy947nkjmruqgrwvzv6pmu2rayx0qjq0vgv396xzej64gmqzjc5q2l3c9yk858hqpsxf0u9uyhfjmnqkf7d3ev5zl40t93jqxjqjqc2zcwexlk2wfjs36sz3ccpakdfcplpu90f9hrkmevps8m8e5kxkcw3e65lmka79gmh6qdssp45xdtuywcpwt3nkww6mkrlqkwmne34ggz8s7vnjjmpqgdjakku8yt0sp39vf0za5u2ylgmuuylhth423cuulzhwppvj2xlz48v59v7npvf06qzlgcjjanrv9q04xq5tzauczvpex0vpfhxpkaltqaw5hpclr05gryhnvrwyq0wkxxt0nhcfluswp3qx364je5txywtm93lgfs7vgmqdchad4xy4yhpvuhe3gqlxdm52ehsu4g5lat62pcerxqwqrd70kuxq84xpt4p6nn0mc36wyltu4q97fc7gggpjwgq8y49ehswkcu6s4vcjze73jfqds7qh5dagql4w5xg5pvm3h7r55st7rp3hsuc3uva6rcvn5uyr4v4rck6qgsms939p8m5g49dea2mjlva4fawq2ncmmg46kagw8d0g7dd6aqt9lwufsc27hkygtp9tcudkk32cfzrzvxs4c9vd2r48h8wn5hgvvny42cjcsnn9eqzunlmrnn5x67skdxgc9gh2tacp33a5fyplzlmjxj5kw7jvsczlq7r8vvrsdkv6xeduhm7atvxu2jj5le3kjhvky3tex4esx52kw97gtte8ugceadjhl3uqwkg3hsrt2v0kp2d0qklhp3qq2tuvjlh5w65q7zge5d5talruy9mh626ecvk9xrjy03wgg4ghj7xskldvlkuxccp0g7qx6t3f8pxyz0afgmsyguvrqgnnxffuf2r5jert6fz5p4884pdhlcrkxya36hvdmuj7ur2ukdmyrcl5jt56g7g9gfhsl27kr527qrfwkjw22qr6jlhcrptnqp5kjkqn4he908ameqe4dac2aljqlelg8qvqqqqqqqqqqqfvmczxj2cgg4c3pd2ds7dwp7m8msecf2xyyj0dc47u77p6vpd6797p5jd0ra7avphwrzss0ktjzqqqd8096zpcf59lwpl5ygrkqvaf5uha4ulv7ndqk65zhxrsqqg0rtwfsdxfg2fj840yly95e23k6nmyqqyk6ervqhpkwm5nyp6l6a5njrl7xtgxqwvwj3wlfuhcejjrpze6s6mm9uh9m75xu8yxs0gvuz5v3stafwzq4t05x3q9p3u5qymh0kqa6rxnfs4pak5h2838apyj9423hqyqq9tec79
          verified: true
          status: accepted
          errors: ""
          warnings: ""
        - execution:
            transitions:
              - id: au1pwk9ck80eyga3umnpq23kegw6h34rp9cx9dew0ph5axnpse835psqqccw0
                program: metadata.aleo
                function: is_network_id
                inputs:
                  - type: private
                    id: 5745718871920618564614275706707316194615398700742978241296553271608378003636field
                    value: ciphertext1qyqf7q8d3psvdrpn52ycu7pv945r7y0qg9a358l7d6plwzcnancnwzgcj7xr6
                outputs:
                  - type: future
                    id: 2916043227452043909817558602839902144893630939386143335855319034662268543820field
                    value: "{\n  program_id: metadata.aleo,\n  function_name: is_network_id,\n  arguments: [\n    2u16\n  ]\n}"
                tpk: 3020628155079738676029341956864028183556220726126818119892843813515945814634group
                tcm: 5092678026348501787479712092206654928057371516556014317181185415850075250455field
                scm: 6698525472848186851972463463758579475375335023496196068921682192475550867475field
            global_state_root: sr1qqqqqqqqqqqqqqqqqqqqqqqqqqqqqqqqqqqqqqqqqqqqqqqqqqqq6gk0xu
            proof: proof1qyqsqqqqqqqqqqqpqqqqqqqqqqq2cg0a2lstjzre9zyrkh3hp2xv22x48svwarjankres5kqdgvq2fh2f8uyxf6hs8ku8788e404jksqq9rjtyudv2826svlgz7wg2q98z80jg6utafa8a826munh5k772hdtmq57e7p5gc57n8q6m0j5ghy7q9qup3023fwk54uzpmtmmsef5mmd64d4x5u3905gynpwu4a5s7wtpvdnlm9nvely74d82jnj9dtyxqzdp07t79k4aewqfaxd6264l69dn5nq6zaau79e20zkrgx9vxwnc99xhfevf845dnfl45lzh6zflcqwu3c2l6e5sledfe9gwyc36vem6sq72r837fc964fdrl2xyt84l024lehrst7vd95p7l64w9yhpwgp0eneekn4tu8c7uq2pvvwlsm7yedq4hljzn675ah40dwr64084gu4m0tduph8rgnxwwt74wkg54zsz0pheyddgrpzulyrjc2w2amk060tfqhj30sragmgat5hrv6j5k4hesl3yu2rvzgguc670ur93gr9qvgg34a8ngfsz73ysckvk0chqc4qk33xqw7dzaurp520w44exn4yjreu0nmnxuq0zadpt65rg04gqqxa7lyf9tz3y9cmel4ycyuhc32q0605l9yjht5a5c70ej2kf792dxwuafdt6euu8p3sxd9uts58kqqspk6wj3wczs5nl6easzu8j32pyxc7m9cd6z6g0wyv0v8we6rrqgqzc5asrdraq5t98g0tt6n4u8vw6admerwa7ed8gz84jk5wf8jgy45t4z5juvg0lknwcd8ak4m5yggrsenrsvpgaq4pwrenwtzl2kqqvezdf6zma5efdc980cv5rledclkxnqrma4gquedpjgh3x8ndvws9vvvzase2745r4ukvyk06qngjl38y774x7mg76s53wlztajyz9cwg5ldj6qpshv5dvsv5klq7m9dp4vyh7nmqx7cutppnu034v9jvuppnzez4prdqyzlqtwpnd6jv9y326rla464e2rdsjunu34ccmuhsqryv9ukgn9y8p4l53frpxuhz73v9um3datwshsedfu4xyfyfamtp0lk46svalqchh6nzksg5yscegp92lmvve2xcs4z9htf5h9x0zpq798dsg7zj6kq78sns78hwf6l25t00yg8lcevlq0yqukqtqzcq7qvqvqqqqqqqqqqq8056kxkps06y9s982x96erxnwwuvr9zg60xd53khfhv53mfr9py329mtsnqpeppjl9e6xkgxaj2qqqf2gt90f9rnczt6wtlvanecyk0pnevcn3274k66npq20mnpsyx4jk75fqu6dapfx8hftfsma5hkxsqq8wldewpnhfcz8ffu0hczx2cmmlltvmdp4gnr4cu4whfc55msr3qwzee8m7h99hs7gs96e7vd5dpkrjnp7vyn0pxn5s09q9c3xs8uc96rhzl98qhl6cjudk57klj4v9gqqqqvg7k7t
          verified: true
          status: rejected
          errors: ""
          warnings: ""
        - execution:
            transitions:
              - id: au1kks3ss3lmdmuuv4ksnyd7k52enmxwu3veqjz7emlmx4s5nzy6c8sx7nez3
                program: metadata.aleo
                function: is_network_id
                inputs:
                  - type: private
                    id: 6448669756154277474495440206968871877526236848307261076243560211249949512199field
                    value: ciphertext1qyqtdv80m6xh72lyy20n50k053qh6ju70jdesg665w45r62qsfpkuqs4uhzv0
                outputs:
                  - type: future
                    id: 6685513210381584263489838460421597149328195655562680109186232632149699161240field
                    value: "{\n  program_id: metadata.aleo,\n  function_name: is_network_id,\n  arguments: [\n    3u16\n  ]\n}"
                tpk: 5166995774473884857353890834507697003252798886819763885458919875879302699010group
                tcm: 2857269466509252429260393571916264430248634027864154552164266119325455448664field
                scm: 5015898762287590171698086886227097532893513313055100890056714442595417776693field
            global_state_root: sr1qqqqqqqqqqqqqqqqqqqqqqqqqqqqqqqqqqqqqqqqqqqqqqqqqqqq6gk0xu
            proof: proof1qyqsqqqqqqqqqqqpqqqqqqqqqqqwne5sesn57x0vgydxulh5s2ph2w4mmgv0ulgy8kngmlehyjs03d3zmlhz9mcrf4achu4clzhe5eyqqy8qrgcldyw90hrcgefx0hf5wzrrl0z4e3la75xlmrvykh9nxzqu7jpwv3p5mqwjegz0mhphx4eynqx74ts020lcu0lf9835tcmax4tuk2x4p8kjw3m464wcnmug4pxzjse5qpd3050j42upmh0kh7t9s2quhp8g7y8e3r0kx72ln2xc9c4mdgwnqw2sj2vus2yqvfgy3q84998clj4tet8ets305yw468xk24sp3uatsddphhtn8fkycucy9lxjqujdvz09d2pmpcmf9rt073gcjxnk85f4r8nlzfes0gdv32wzeghsr68k066ndrlcjypk6vad4jtfrkrt66cgvtf97y6fvt3ex7furh9n86wtaclqz8390lxs03s34alqsq6yvgk58shfyvmdxpgc9ypcaklw6k50qspp82rl80wnuew59l8eym7l8x9rfurqtxt5qyv694wu5qxmndj6ulekzx7yef6ny603tyya9735gynkm6mqth8m9r5zvqdf5h6rq9qymgc6nkm74q4srqyw9gqf5htz93vk2kq793vzwslp4u80lsxls48slx2g2gecdk0kxrykzajzvnvgc23t3fa2xrltksfh3tvp44p2l49hwtsz90lqfxwj3ed5px5c65u7lweyvzrs0ffc9832r5y9h8zh2lnffc448khwdwctg2wnestmpe0jjdm0llv8tva2tsjjczzks0rgdxm2ag3fuace5g4ct6t2nea7lcdpedknuks8kr74376vpmej4wyg4tr86h7esnvg98ygnesnc8y2tj7sde9j8a4vpnjtsrzqtagldmn6k08su99kj9uq7xw4t73rjexgx28wn7e2hre74pfnc0qfyw29w2ssqq0yp7pu50uw9vrte02mrzql9ea5f4mkmwh9q74pasyfh7epuqsvlmde89d0d5zd3j30krkuw9vhwcwmf6y5as2w03fx6pgg50wfl2sjc0vc6g8sydjjj92k3sggy5dlewplrrvn58hs58n8pnfag5d24vafxyknch6tp9y6yxkzz9jde0jffgsnw32nqs67pwsqwt29z9xfsg9p3qh026ay6kd00ssa5h8gl7glh3algzdz7y6hypcwqvqqqqqqqqqqpplm8evhkr8m46adqth44r55mxfrqakmwe96f0tuamhq5rnl0kl9chuwv0gdc2dwdzc3zw0fhwxkqqq8vwapkxwa0je0yyp5k2f5tv9s57mcrv4k59emtpllhxdgag5fyu3mrlvwlhzt2l7fhupf2x20efcpqx4jngh73lmcv63yq4u4szzz26j4wc8dxqt4084dpcy3ajd0uzzshx6jcqt7kvrnws9lvmn0sj5wnef02awrn7vzql37qswr276tlp2gsywx5d5rwhe6nytejl7zt8xzqqqqw74sg3
          verified: true
          status: rejected
          errors: ""
          warnings: ""
