---
namespace: Compile
expectation: Pass
outputs:
  - - compile:
        - initial_symbol_table: 56c4eea018bad5b00fa3584917fe6327a28220606b7ef3392dd4f52510eb836d
          type_checked_symbol_table: a53c4315ffbe58449d9ef772a8fab06c43082a1d24d3eb4240fd8c3be3ac0ad1
          unrolled_symbol_table: a53c4315ffbe58449d9ef772a8fab06c43082a1d24d3eb4240fd8c3be3ac0ad1
          initial_ast: 31d6210343f8a439e9a731aa2b344a0a35bb4828fcbfb5b7f3d3c532aa0d49e0
          unrolled_ast: 31d6210343f8a439e9a731aa2b344a0a35bb4828fcbfb5b7f3d3c532aa0d49e0
          ssa_ast: ed0d528c739439b087da26d083d1a1c6705e5e9b020f6dbb6d1510929df3079f
          flattened_ast: 853653a2db1cb618cf7fe214cc90ff1ee6f952dbc6e945b6b3c4b34ca07e906d
          destructured_ast: 0fa73a1e802c55fe76758295dbeb0e4a9340fd95c14b05b033fd9aec1a039fed
          inlined_ast: 17df43530f88543010218898759c3459f380370012717bebaec75f9a27d40130
          dce_ast: 17df43530f88543010218898759c3459f380370012717bebaec75f9a27d40130
          bytecode: ed6b317a872c3d7083d96539a0f0601af2dcc1a6d198d897edf7f6d4db26e47a
          errors: ""
          warnings: ""
